2026-02-08 15:23:20,986 - Moved Sales_Report_1.csv to Sales reports
2026-02-08 15:23:20,988 - Moved Sales_Report_10.csv to Sales reports
2026-02-08 15:23:20,992 - Moved Sales_Report_2.csv to Sales reports
2026-02-08 15:23:20,992 - Moved Sales_Report_3.csv to Sales reports
2026-02-08 15:23:20,994 - Moved Sales_Report_4.csv to Sales reports
2026-02-08 15:23:20,996 - Moved Sales_Report_5.csv to Sales reports
2026-02-08 15:23:20,998 - Moved Sales_Report_7.csv to Sales reports
2026-02-08 15:23:20,998 - Moved Sales_Report_6.csv to Sales reports
2026-02-08 15:23:21,001 - Moved Sales_Report_8.csv to Sales reports
2026-02-08 15:23:21,001 - Moved Sales_Report_9.csv to Sales reports
2026-02-08 15:23:21,001 - Moved Server_Dump_1.txt to Server error dumps
2026-02-08 15:23:21,005 - Moved Server_Dump_10.txt to Server error dumps
2026-02-08 15:23:21,036 - Moved Server_Dump_2.txt to Server error dumps
2026-02-08 15:23:21,052 - Moved Server_Dump_4.txt to Server error dumps
2026-02-08 15:23:21,053 - Moved Server_Dump_3.txt to Server error dumps
2026-02-08 15:23:21,065 - Moved Server_Dump_5.txt to Server error dumps
2026-02-08 15:23:21,078 - Moved Server_Dump_7.txt to Server error dumps
2026-02-08 15:23:21,091 - Moved Server_Dump_6.txt to Server error dumps
2026-02-08 15:23:21,106 - Moved Server_Dump_8.txt to Server error dumps
2026-02-08 15:23:21,110 - Moved Server_Dump_9.txt to Server error dumps
2026-02-08 15:23:21,119 - Moved User_Activity_1.json to User activity logs
2026-02-08 15:23:21,121 - Moved User_Activity_10.json to User activity logs
2026-02-08 15:23:21,132 - Moved User_Activity_2.json to User activity logs
2026-02-08 15:23:21,141 - Moved User_Activity_3.json to User activity logs
2026-02-08 15:23:21,144 - Moved User_Activity_4.json to User activity logs
2026-02-08 15:23:21,150 - Moved User_Activity_5.json to User activity logs
2026-02-08 15:23:21,160 - Moved User_Activity_7.json to User activity logs
2026-02-08 15:23:21,162 - Moved User_Activity_6.json to User activity logs
2026-02-08 15:23:21,169 - Moved User_Activity_8.json to User activity logs
2026-02-08 15:23:21,177 - Moved User_Activity_9.json to User activity logs
2026-02-08 15:23:21,436 - Processing started for Sales_Report_2.csv
2026-02-08 15:23:21,449 - Processing started for Sales_Report_4.csv
2026-02-08 15:23:21,465 - Processing started for Sales_Report_10.csv
2026-02-08 15:23:21,485 - Processing started for Sales_Report_9.csv
2026-02-08 15:23:21,494 - Processing started for Sales_Report_6.csv
2026-02-08 15:23:21,507 - Processing started for Sales_Report_1.csv
2026-02-08 15:23:21,509 - Processing started for Sales_Report_5.csv
2026-02-08 15:23:21,525 - Processing started for Sales_Report_7.csv
2026-02-08 15:23:21,548 - Processing started for Sales_Report_3.csv
2026-02-08 15:23:21,572 - Processing finished for Sales_Report_2.csv
2026-02-08 15:23:21,575 - Processing started for Sales_Report_8.csv
2026-02-08 15:23:21,580 - Processing finished for Sales_Report_10.csv
2026-02-08 15:23:21,585 - Processing finished for Sales_Report_4.csv
2026-02-08 15:23:21,585 - Processing finished for Sales_Report_5.csv
2026-02-08 15:23:21,595 - Processing finished for Sales_Report_1.csv
2026-02-08 15:23:21,600 - Processing finished for Sales_Report_6.csv
2026-02-08 15:23:21,601 - Processing finished for Sales_Report_3.csv
2026-02-08 15:23:21,601 - Processing finished for Sales_Report_9.csv
2026-02-08 15:23:21,601 - Processing finished for Sales_Report_7.csv
2026-02-08 15:23:21,609 - Processing finished for Sales_Report_8.csv
2026-02-08 15:23:21,633 - Summary saved to summary.json
